// Jest Snapshot v1, https://goo.gl/fbAQLP

exports[`LazyImage component <LazyImage>: Should render correctly 1`] = `"<img style=\\"opacity:0.3;background:red;transition:all 0.3s cubic-bezier(0.215, 0.61, 0.355, 1) 0s;width:100%\\" alt=\\"image\\" loader=\\"http://lorempixel.com/output/sports-q-c-640-480-6.jpg\\" source=\\"http://lorempixel.com/output/city-q-g-640-480-10.jpg\\" src=\\"http://lorempixel.com/output/sports-q-c-640-480-6.jpg\\">"`;
